../Core/Src/main.c:74:6:uart_process_command	72	static
../Core/Src/main.c:173:5:_write	24	static
../Core/Src/main.c:180:13:uart_byte_available	16	static
../Core/Src/main.c:198:5:main	16	static
../Core/Src/main.c:255:6:SystemClock_Config	96	static
../Core/Src/main.c:301:13:MX_I2C1_Init	8	static
../Core/Src/main.c:349:13:MX_I2C2_Init	8	static
../Core/Src/main.c:397:13:MX_USART2_UART_Init	8	static
../Core/Src/main.c:430:13:MX_DMA_Init	16	static
../Core/Src/main.c:448:13:MX_GPIO_Init	56	static
../Core/Src/main.c:498:6:Error_Handler	8	static,ignoring_inline_asm
