10:36:00 **** Incremental Build of configuration Debug for project CV06 ****
make -j4 all 
arm-none-eabi-gcc "../Core/Src/main.c" -mcpu=cortex-m0 -std=gnu11 -g3 -DDEBUG -DUSE_HAL_DRIVER -DSTM32F030x8 -c -I../Core/Inc -I../Drivers/STM32F0xx_HAL_Driver/Inc -I../Drivers/STM32F0xx_HAL_Driver/Inc/Legacy -I../Drivers/CMSIS/Device/ST/STM32F0xx/Include -I../Drivers/CMSIS/Include -O0 -ffunction-sections -fdata-sections -Wall -fstack-usage -fcyclomatic-complexity -MMD -MP -MF"Core/Src/main.d" -MT"Core/Src/main.o" --specs=nano.specs -mfloat-abi=soft -mthumb -o "Core/Src/main.o"
arm-none-eabi-gcc -o "CV06.elf" @"objects.list"   -mcpu=cortex-m0 -T"C:\Temp\240612\MKS2024\CV06\CV06\STM32F030R8TX_FLASH.ld" --specs=nosys.specs -Wl,-Map="CV06.map" -Wl,--gc-sections -static --specs=nano.specs -mfloat-abi=soft -mthumb -Wl,--start-group -lc -lm -Wl,--end-group
Finished building target: CV06.elf
 
arm-none-eabi-size  CV06.elf 
arm-none-eabi-objdump -h -S CV06.elf  > "CV06.list"
   text	   data	    bss	    dec	    hex	filename
  14116	     12	   1780	  15908	   3e24	CV06.elf
Finished building: default.size.stdout
 
Finished building: CV06.list
 

10:36:01 Build Finished. 0 errors, 0 warnings. (took 1s.186ms)

