15:07:05 **** Incremental Build of configuration Debug for project Ukol1 ****
make -j4 all 
arm-none-eabi-gcc "../Core/Src/main.c" -mcpu=cortex-m0 -std=gnu11 -g3 -DDEBUG -DUSE_HAL_DRIVER -DSTM32F030x8 -c -I../Core/Inc -I../Drivers/STM32F0xx_HAL_Driver/Inc -I../Drivers/STM32F0xx_HAL_Driver/Inc/Legacy -I../Drivers/CMSIS/Device/ST/STM32F0xx/Include -I../Drivers/CMSIS/Include -O0 -ffunction-sections -fdata-sections -Wall -fstack-usage -fcyclomatic-complexity -MMD -MP -MF"Core/Src/main.d" -MT"Core/Src/main.o" --specs=nano.specs -mfloat-abi=soft -mthumb -o "Core/Src/main.o"
arm-none-eabi-gcc -o "Ukol1.elf" @"objects.list"   -mcpu=cortex-m0 -T"C:\Temp\240612\MKS2024\Ukol1\Ukol1\STM32F030R8TX_FLASH.ld" --specs=nosys.specs -Wl,-Map="Ukol1.map" -Wl,--gc-sections -static --specs=nano.specs -mfloat-abi=soft -mthumb -Wl,--start-group -lc -lm -Wl,--end-group
Finished building target: Ukol1.elf
 
arm-none-eabi-size  Ukol1.elf 
arm-none-eabi-objdump -h -S Ukol1.elf  > "Ukol1.list"
   text	   data	    bss	    dec	    hex	filename
  14836	    104	   2104	  17044	   4294	Ukol1.elf
Finished building: default.size.stdout
 
Finished building: Ukol1.list
 

15:07:06 Build Finished. 0 errors, 0 warnings. (took 1s.131ms)

